#nameservers
  should: %s CLASS(array)
  should: %s have(1).items
  should: %s[0] CLASS(nameserver)
  should: %s[0].name == "ns1.pnn-ps.com"
