#registrant_contacts
  should: %s CLASS(array)
  should: %s have(1).items
  should: %s[0] CLASS(contact)
  should: %s[0].type         == Whois::Record::Contact::TYPE_REGISTRANT
  should: %s[0].name         == nil
  should: %s[0].organization == "Massachusetts Institute of Technology"
  should: %s[0].city         == "Cambridge"
  should: %s[0].zip          == "02139"
  should: %s[0].state        == "MA"
  should: %s[0].country      == "UNITED STATES"
