#status
  should: %s == :registered

#available?
  should: %s == false

#registered?
  should: %s == true


#created_on
  should: %s raise_error(Whois::PropertyNotSupported)

#updated_on
  should: %s raise_error(Whois::PropertyNotSupported)

#expires_on
  should: %s raise_error(Whois::PropertyNotSupported)


#nameservers
  should: %s CLASS(array)
  should: %s SIZE(2)
  should: %s[0] CLASS(nameserver)
  should: %s[0].name == "ns3.zoneedit.com"
  should: %s[1] CLASS(nameserver)
  should: %s[1].name == "ns4.zoneedit.com"
