#status
  should: %s == ["clientDeleteProhibited", "clientTransferProhibited", "clientUpdateProhibited"]

#available?
  should: %s == false

#registered?
  should: %s == true


#created_on
  should: %s CLASS(time)
  should: %s == Time.parse("2002-04-19 23:15:57 UTC")

#updated_on
  should: %s CLASS(time)
  should: %s == Time.parse("2009-03-17 09:40:30 UTC")

#expires_on
  should: %s CLASS(time)
  should: %s == Time.parse("2010-04-18 23:59:59 UTC")


#nameservers
  should: %s CLASS(array)
  should: %s SIZE(4)
  should: %s[0] CLASS(nameserver)
  should: %s[0].name == "ns1.google.com"
  should: %s[1] CLASS(nameserver)
  should: %s[1].name == "ns2.google.com"
  should: %s[2] CLASS(nameserver)
  should: %s[2].name == "ns3.google.com"
  should: %s[3] CLASS(nameserver)
  should: %s[3].name == "ns4.google.com"
