#disclaimer
  should: %s == "This whois service is provided by CentralNic Ltd and only contains information pertaining to Internet domain names we have registered for our customers. By using this service you are agreeing (1) not to use any information presented here for any purpose other than determining ownership of domain names, (2) not to store or reproduce this data in any way, (3) not to use any high-volume, automated, electronic processes to obtain data from this service. Abuse of this service is monitored and actions in contravention of these terms will result in being permanently blacklisted. All data is (c) CentralNic Ltd https://www.centralnic.com/"


#domain
  should: %s == "koi.jpn.com"

#domain_id
  should: %s == "CNIC-DO492866"


#referral_whois
  should: %s raise_error(Whois::PropertyNotSupported)

#referral_url
  should: %s raise_error(Whois::PropertyNotSupported)


#status
  should: %s == ["OK"]

#available?
  should: %s == false

#registered?
  should: %s == true


#created_on
  should: %s CLASS(time)
  should: %s == Time.parse("2007-06-29 13:42:35 UTC")

#updated_on
  should: %s CLASS(time)
  should: %s == Time.parse("2011-08-15 09:43:37 UTC")

#expires_on
  should: %s CLASS(time)
  should: %s == Time.parse("2013-06-29 23:59:59 UTC")


#registrar
  should: %s CLASS(registrar)
  should: %s.id           == "I6467"
  should: %s.name         == nil
  should: %s.organization == "Webfusion"
  should: %s.url          == "http://www.123-reg.co.uk"

#registrant_contacts
  should: %s CLASS(array)
  should: %s have(1).items
  should: %s[0] CLASS(contact)
  should: %s[0].type          == Whois::Record::Contact::TYPE_REGISTRANT
  should: %s[0].id            == "H1090485"
  should: %s[0].name          == "deron simons"
  should: %s[0].organization  == nil
  should: %s[0].address       == "Select garden centre\nsundridge\nsevenoaks"
  should: %s[0].city          == "kent"
  should: %s[0].zip           == "TN14 6ED"
  should: %s[0].state         == nil
  should: %s[0].country       == nil
  should: %s[0].country_code  == "GB"
  should: %s[0].phone         == "+44.7957842260"
  should: %s[0].fax           == nil
  should: %s[0].email         == "deronsimons@aol.com"

#admin_contacts
  should: %s CLASS(array)
  should: %s have(1).items
  should: %s[0] CLASS(contact)
  should: %s[0].type          == Whois::Record::Contact::TYPE_ADMIN
  should: %s[0].id            == "H312617"
  should: %s[0].name          == "deron simons"
  should: %s[0].organization  == "deron simons"
  should: %s[0].address       == "Select garden centre\nsundridge\nsevenoaks"
  should: %s[0].city          == "kent"
  should: %s[0].zip           == "TN14 6ED"
  should: %s[0].state         == nil
  should: %s[0].country       == nil
  should: %s[0].country_code  == "GB"
  should: %s[0].phone         == "+44.7957842260"
  should: %s[0].fax           == nil
  should: %s[0].email         == "deronsimons@aol.com"

#technical_contacts
  should: %s CLASS(array)
  should: %s have(1).items
  should: %s[0] CLASS(contact)
  should: %s[0].type          == Whois::Record::Contact::TYPE_TECHNICAL
  should: %s[0].id            == "I6467"
  should: %s[0].name          == "Domain Admin"
  should: %s[0].organization  == "Webfusion"
  should: %s[0].address       == "5 Roundwood Avenue\nStockley Park\nUxbridge"
  should: %s[0].city          == "Middlesex"
  should: %s[0].zip           == "UB11 1FF"
  should: %s[0].state         == nil
  should: %s[0].country       == nil
  should: %s[0].country_code  == "GB"
  should: %s[0].phone         == "+44.8712309525"
  should: %s[0].fax           == "+44.8701650437"
  should: %s[0].email         == "hosting-domains@webfusion.com"


#nameservers
  should: %s CLASS(array)
  should: %s have(2).items
  should: %s[0] CLASS(nameserver)
  should: %s[0].name == "ns1.diywebbuilder.org"
  should: %s[1] CLASS(nameserver)
  should: %s[1].name == "ns2.diywebbuilder.org"
