#disclaimer
  should: %s == "The data in this record is provided by DENIC for informational purposes only. DENIC does not guarantee its accuracy and cannot, under any circumstances, be held liable in case the stored information would prove to be wrong, incomplete or not accurate in any sense. All the domain data that is visible in the whois service is protected by law. It is not permitted to use it for any purpose other than technical or administrative requirements associated with the operation of the Internet. It is explicitly forbidden to extract, copy and/or use or re-utilise in any form and by any means (electronically or not) the whole or a quantitatively or qualitatively substantial part of the contents of the whois database without prior and explicit written permission by DENIC. It is prohibited, in particular, to use it for transmission of unsolicited and/or commercial and/or advertising by phone, fax, e-mail or for any similar purposes. By maintaining the connection you assure that you have a legitimate interest in the data and that you will only use it for the stated purposes. You are aware that DENIC maintains the right to initiate legal proceedings against you in the event of any breach of this assurance and to bar you from using its whois service. The DENIC whois service on port 43 never discloses any information concerning the domain holder/administrative contact. Information concerning the domain holder/administrative contact can be obtained through use of our web-based whois service available at the DENIC website: http://www.denic.de/en/background/whois-service/webwhois.html"


#domain
  should: %s == "google.de"

#domain_id
  should: %s raise_error(Whois::PropertyNotSupported)


#status
  should: %s == :registered

#available?
  should: %s == false

#registered?
  should: %s == true


#created_on
  should: %s raise_error(Whois::PropertyNotSupported)

#updated_on
  should: %s CLASS(time)
  should: %s == Time.parse('2009-02-28 12:03:09 +0100')

#expires_on
  should: %s raise_error(Whois::PropertyNotSupported)


#registrar
  should: %s CLASS(registrar)
  should: %s.id           == nil
  should: %s.name         == "Domain Billing"
  should: %s.organization == "MarkMonitor"

#registrant_contacts
  should: %s CLASS(array)
  should: %s == []

#admin_contacts
  should: %s CLASS(array)
  should: %s == []

#technical_contacts
  should: %s CLASS(array)
  should: %s have(1).items
  should: %s[0] CLASS(contact)
  should: %s[0].type         == Whois::Record::Contact::TYPE_TECHNICAL
  should: %s[0].id           == nil
  should: %s[0].name         == "Google Inc."
  should: %s[0].city         == "Mountain View"
  should: %s[0].zip          == "94043"
  should: %s[0].state        == nil
  should: %s[0].phone        == "+1-6503300100"
  should: %s[0].fax          == "+1-6506188571"
  should: %s[0].email        == "dns-admin@google.com"


#nameservers
  should: %s CLASS(array)
  should: %s have(4).items
  should: %s[0] CLASS(nameserver)
  should: %s[0].name == "ns1.google.com"
  should: %s[1] CLASS(nameserver)
  should: %s[1].name == "ns4.google.com"
  should: %s[2] CLASS(nameserver)
  should: %s[2].name == "ns3.google.com"
  should: %s[3] CLASS(nameserver)
  should: %s[3].name == "ns2.google.com"
