#status
  should: %s == :available

#available?
  should: %s == true

#registered?
  should: %s == false


#created_on
  should: %s raise_error(Whois::PropertyNotSupported)

#updated_on
  should: %s == nil

#expires_on
  should: %s == nil


#nameservers
  should: %s CLASS(array)
  should: %s == []
