#nameservers
  should: %s CLASS(array)
  should: %s have(2).items
  should: %s[0] CLASS(nameserver)
  should: %s[0] == _nameserver.new(:name => "ns1.citrin.ch", :ipv4 => "193.247.72.8", :ipv6 => "2001:8a8:21:5::11")
  should: %s[1] CLASS(nameserver)
  should: %s[1] == _nameserver.new(:name => "ns2.citrin.ch", :ipv4 => "62.12.149.3", :ipv6 => "2001:8a8:21:5::12")
