#nameservers
  should: %s CLASS(array)
  should: %s have(2).items
  should: %s[0] CLASS(nameserver)
  should: %s[0].name == "ns1.phpsunucu.com"
  should: %s[1] CLASS(nameserver)
  should: %s[1].name == "ns2.phpsunucu.com"
