#nameservers
  should: %s CLASS(array)
  should: %s have(3).items
  should: %s[0] CLASS(nameserver)
  should: %s[0].name == "titan.radore.com"
  should: %s[0].ipv4 == nil
  should: %s[1] CLASS(nameserver)
  should: %s[1].name == "janus.radore.com"
  should: %s[1].ipv4 == nil
  should: %s[2] CLASS(nameserver)
  should: %s[2].name == "mimas.rh.com.tr"
  should: %s[2].ipv4 == "77.75.34.2"
