#disclaimer
  should: %s raise_error(Whois::PropertyNotSupported)


#domain
  should: %s == "coco.co.pl"

#domain_id
  should: %s raise_error(Whois::PropertyNotSupported)


#referral_url
  should: %s raise_error(Whois::PropertyNotSupported)

#referral_whois
  should: %s raise_error(Whois::PropertyNotSupported)


#status
  should: %s == :registered

#available?
  should: %s == false

#registered?
  should: %s == true


#created_on
  should: %s raise_error(Whois::PropertyNotSupported)

#updated_on
  should: %s CLASS(time)
  should: %s == Time.parse("2010-06-23 09:41:50")

#expires_on
  should: %s raise_error(Whois::PropertyNotSupported)


#registrar
  should: %s raise_error(Whois::PropertyNotSupported)

#registrant_contacts
  should: %s raise_error(Whois::PropertyNotSupported)

#admin_contacts
  should: %s raise_error(Whois::PropertyNotSupported)

#technical_contacts
  should: %s raise_error(Whois::PropertyNotSupported)


#nameservers
  should: %s CLASS(array)
  should: %s have(2).items
  should: %s[0] CLASS(nameserver)
  should: %s[0].name == "ns1.co.pl"
  should: %s[1] CLASS(nameserver)
  should: %s[1].name == "ns2.co.pl"
