#nameservers
  should: %s CLASS(array)
  should: %s have(2).items
  should: %s[0] CLASS(nameserver)
  should: %s[0].name == "avalon.ula.ve"
  should: %s[1] CLASS(nameserver)
  should: %s[1].name == "azmodan.ula.ve"
