#domain
  should: %s == "google.af"

#domain_id
  should: %s raise_error(Whois::PropertyNotSupported)


#status
  should: %s == :registered

#available?
  should: %s == false

#registered?
  should: %s == true


#created_on
  should: %s CLASS(time)
  should: %s == Time.parse("2009-10-05")

#updated_on
  should: %s CLASS(time)
  should: %s == Time.parse("2010-01-29")

#expires_on
  should: %s CLASS(time)
  should: %s == Time.parse("2010-05-05")


#nameservers
  should: %s CLASS(array)
  should: %s have(2).items
  should: %s[0] CLASS(nameserver)
  should: %s[0].name == "ns1.google.com"
  should: %s[1] CLASS(nameserver)
  should: %s[1].name == "ns2.google.com"
